// Jest Snapshot v1, https://goo.gl/fbAQLP

exports[`renders the Navbar component 1`] = `
<div
  className="navBar"
>
  <h1
    data-testid="heading"
  >
    Math Magicians
  </h1>
  <ul>
    <a
      aria-current="page"
      className="active-link"
      href="/"
      onClick={[Function]}
      style={Object {}}
    >
      Home
    </a>
    <a
      aria-current={null}
      href="/calculator"
      onClick={[Function]}
    >
      Calculator
    </a>
    <a
      aria-current={null}
      href="/Qoutes"
      onClick={[Function]}
    >
      Qoute
    </a>
  </ul>
</div>
`;
